Archive member included to satisfy reference by file (symbol)

d:/stm32cubeide_1.7.0/stm32cubeide/plugins/com.st.stm32cube.ide.mcu.externaltools.gnu-tools-for-stm32.9-2020-q2-update.win32_2.0.0.202105311346/tools/bin/../lib/gcc/arm-none-eabi/9.3.1/../../../../arm-none-eabi/lib/thumb/v7-m/nofp\libc_nano.a(lib_a-errno.o)
                              ./Core/Src/syscalls.o (__errno)
d:/stm32cubeide_1.7.0/stm32cubeide/plugins/com.st.stm32cube.ide.mcu.externaltools.gnu-tools-for-stm32.9-2020-q2-update.win32_2.0.0.202105311346/tools/bin/../lib/gcc/arm-none-eabi/9.3.1/../../../../arm-none-eabi/lib/thumb/v7-m/nofp\libc_nano.a(lib_a-exit.o)
                              d:/stm32cubeide_1.7.0/stm32cubeide/plugins/com.st.stm32cube.ide.mcu.externaltools.gnu-tools-for-stm32.9-2020-q2-update.win32_2.0.0.202105311346/tools/bin/../lib/gcc/arm-none-eabi/9.3.1/../../../../arm-none-eabi/lib/thumb/v7-m/nofp/crt0.o (exit)
d:/stm32cubeide_1.7.0/stm32cubeide/plugins/com.st.stm32cube.ide.mcu.externaltools.gnu-tools-for-stm32.9-2020-q2-update.win32_2.0.0.202105311346/tools/bin/../lib/gcc/arm-none-eabi/9.3.1/../../../../arm-none-eabi/lib/thumb/v7-m/nofp\libc_nano.a(lib_a-impure.o)
                              d:/stm32cubeide_1.7.0/stm32cubeide/plugins/com.st.stm32cube.ide.mcu.externaltools.gnu-tools-for-stm32.9-2020-q2-update.win32_2.0.0.202105311346/tools/bin/../lib/gcc/arm-none-eabi/9.3.1/../../../../arm-none-eabi/lib/thumb/v7-m/nofp\libc_nano.a(lib_a-exit.o) (_global_impure_ptr)
d:/stm32cubeide_1.7.0/stm32cubeide/plugins/com.st.stm32cube.ide.mcu.externaltools.gnu-tools-for-stm32.9-2020-q2-update.win32_2.0.0.202105311346/tools/bin/../lib/gcc/arm-none-eabi/9.3.1/../../../../arm-none-eabi/lib/thumb/v7-m/nofp\libc_nano.a(lib_a-init.o)
                              d:/stm32cubeide_1.7.0/stm32cubeide/plugins/com.st.stm32cube.ide.mcu.externaltools.gnu-tools-for-stm32.9-2020-q2-update.win32_2.0.0.202105311346/tools/bin/../lib/gcc/arm-none-eabi/9.3.1/../../../../arm-none-eabi/lib/thumb/v7-m/nofp/crt0.o (__libc_init_array)
d:/stm32cubeide_1.7.0/stm32cubeide/plugins/com.st.stm32cube.ide.mcu.externaltools.gnu-tools-for-stm32.9-2020-q2-update.win32_2.0.0.202105311346/tools/bin/../lib/gcc/arm-none-eabi/9.3.1/../../../../arm-none-eabi/lib/thumb/v7-m/nofp\libc_nano.a(lib_a-memset.o)
                              d:/stm32cubeide_1.7.0/stm32cubeide/plugins/com.st.stm32cube.ide.mcu.externaltools.gnu-tools-for-stm32.9-2020-q2-update.win32_2.0.0.202105311346/tools/bin/../lib/gcc/arm-none-eabi/9.3.1/../../../../arm-none-eabi/lib/thumb/v7-m/nofp/crt0.o (memset)
d:/stm32cubeide_1.7.0/stm32cubeide/plugins/com.st.stm32cube.ide.mcu.externaltools.gnu-tools-for-stm32.9-2020-q2-update.win32_2.0.0.202105311346/tools/bin/../lib/gcc/arm-none-eabi/9.3.1/thumb/v7-m/nofp\libgcc.a(_arm_muldf3.o)
                              ./Core/Src/main.o (__aeabi_dmul)
d:/stm32cubeide_1.7.0/stm32cubeide/plugins/com.st.stm32cube.ide.mcu.externaltools.gnu-tools-for-stm32.9-2020-q2-update.win32_2.0.0.202105311346/tools/bin/../lib/gcc/arm-none-eabi/9.3.1/thumb/v7-m/nofp\libgcc.a(_arm_addsubdf3.o)
                              ./Core/Src/main.o (__aeabi_ui2d)
d:/stm32cubeide_1.7.0/stm32cubeide/plugins/com.st.stm32cube.ide.mcu.externaltools.gnu-tools-for-stm32.9-2020-q2-update.win32_2.0.0.202105311346/tools/bin/../lib/gcc/arm-none-eabi/9.3.1/thumb/v7-m/nofp\libgcc.a(_arm_muldivdf3.o)
                              ./Core/Src/main.o (__aeabi_ddiv)
d:/stm32cubeide_1.7.0/stm32cubeide/plugins/com.st.stm32cube.ide.mcu.externaltools.gnu-tools-for-stm32.9-2020-q2-update.win32_2.0.0.202105311346/tools/bin/../lib/gcc/arm-none-eabi/9.3.1/thumb/v7-m/nofp\libgcc.a(_arm_fixdfsi.o)
                              ./Core/Src/main.o (__aeabi_d2iz)

Allocating common symbols
Common symbol       size              file

TIME_CYCLE          0x4               ./Core/Src/software_timer.o
uwTick              0x4               ./Drivers/STM32F1xx_HAL_Driver/Src/stm32f1xx_hal.o
pFlash              0x20              ./Drivers/STM32F1xx_HAL_Driver/Src/stm32f1xx_hal_flash.o
htim2               0x48              ./Core/Src/main.o

Discarded input sections

 .text          0x0000000000000000        0x0 d:/stm32cubeide_1.7.0/stm32cubeide/plugins/com.st.stm32cube.ide.mcu.externaltools.gnu-tools-for-stm32.9-2020-q2-update.win32_2.0.0.202105311346/tools/bin/../lib/gcc/arm-none-eabi/9.3.1/thumb/v7-m/nofp/crti.o
 .data          0x0000000000000000        0x0 d:/stm32cubeide_1.7.0/stm32cubeide/plugins/com.st.stm32cube.ide.mcu.externaltools.gnu-tools-for-stm32.9-2020-q2-update.win32_2.0.0.202105311346/tools/bin/../lib/gcc/arm-none-eabi/9.3.1/thumb/v7-m/nofp/crti.o
 .bss           0x0000000000000000        0x0 d:/stm32cubeide_1.7.0/stm32cubeide/plugins/com.st.stm32cube.ide.mcu.externaltools.gnu-tools-for-stm32.9-2020-q2-update.win32_2.0.0.202105311346/tools/bin/../lib/gcc/arm-none-eabi/9.3.1/thumb/v7-m/nofp/crti.o
[...]
Memory Configuration

Name             Origin             Length             Attributes
RAM              0x0000000020000000 0x0000000000002800 xrw
FLASH            0x0000000008000000 0x0000000000008000 xr
*default*        0x0000000000000000 0xffffffffffffffff

Linker script and memory map

LOAD d:/stm32cubeide_1.7.0/stm32cubeide/plugins/com.st.stm32cube.ide.mcu.externaltools.gnu-tools-for-stm32.9-2020-q2-update.win32_2.0.0.202105311346/tools/bin/../lib/gcc/arm-none-eabi/9.3.1/thumb/v7-m/nofp/crti.o
LOAD d:/stm32cubeide_1.7.0/stm32cubeide/plugins/com.st.stm32cube.ide.mcu.externaltools.gnu-tools-for-stm32.9-2020-q2-update.win32_2.0.0.202105311346/tools/bin/../lib/gcc/arm-none-eabi/9.3.1/thumb/v7-m/nofp/crtbegin.o
LOAD d:/stm32cubeide_1.7.0/stm32cubeide/plugins/com.st.stm32cube.ide.mcu.externaltools.gnu-tools-for-stm32.9-2020-q2-update.win32_2.0.0.202105311346/tools/bin/../lib/gcc/arm-none-eabi/9.3.1/../../../../arm-none-eabi/lib/thumb/v7-m/nofp/crt0.o
LOAD ./Core/Src/button.o
LOAD ./Core/Src/display.o
LOAD ./Core/Src/fsm_traffic_light.o
LOAD ./Core/Src/global.o
LOAD ./Core/Src/main.o
LOAD ./Core/Src/software_timer.o
LOAD ./Core/Src/stm32f1xx_hal_msp.o
LOAD ./Core/Src/stm32f1xx_it.o
LOAD ./Core/Src/syscalls.o
LOAD ./Core/Src/sysmem.o
LOAD ./Core/Src/system_stm32f1xx.o
LOAD ./Core/Startup/startup_stm32f103c6tx.o
LOAD ./Drivers/STM32F1xx_HAL_Driver/Src/stm32f1xx_hal.o
LOAD ./Drivers/STM32F1xx_HAL_Driver/Src/stm32f1xx_hal_cortex.o
LOAD ./Drivers/STM32F1xx_HAL_Driver/Src/stm32f1xx_hal_dma.o
LOAD ./Drivers/STM32F1xx_HAL_Driver/Src/stm32f1xx_hal_exti.o
LOAD ./Drivers/STM32F1xx_HAL_Driver/Src/stm32f1xx_hal_flash.o
LOAD ./Drivers/STM32F1xx_HAL_Driver/Src/stm32f1xx_hal_flash_ex.o
LOAD ./Drivers/STM32F1xx_HAL_Driver/Src/stm32f1xx_hal_gpio.o
LOAD ./Drivers/STM32F1xx_HAL_Driver/Src/stm32f1xx_hal_gpio_ex.o
LOAD ./Drivers/STM32F1xx_HAL_Driver/Src/stm32f1xx_hal_pwr.o
LOAD ./Drivers/STM32F1xx_HAL_Driver/Src/stm32f1xx_hal_rcc.o
LOAD ./Drivers/STM32F1xx_HAL_Driver/Src/stm32f1xx_hal_rcc_ex.o
LOAD ./Drivers/STM32F1xx_HAL_Driver/Src/stm32f1xx_hal_tim.o
LOAD ./Drivers/STM32F1xx_HAL_Driver/Src/stm32f1xx_hal_tim_ex.o
START GROUP
LOAD d:/stm32cubeide_1.7.0/stm32cubeide/plugins/com.st.stm32cube.ide.mcu.externaltools.gnu-tools-for-stm32.9-2020-q2-update.win32_2.0.0.202105311346/tools/bin/../lib/gcc/arm-none-eabi/9.3.1/../../../../arm-none-eabi/lib/thumb/v7-m/nofp\libc_nano.a
LOAD d:/stm32cubeide_1.7.0/stm32cubeide/plugins/com.st.stm32cube.ide.mcu.externaltools.gnu-tools-for-stm32.9-2020-q2-update.win32_2.0.0.202105311346/tools/bin/../lib/gcc/arm-none-eabi/9.3.1/../../../../arm-none-eabi/lib/thumb/v7-m/nofp\libm.a
END GROUP
START GROUP
LOAD d:/stm32cubeide_1.7.0/stm32cubeide/plugins/com.st.stm32cube.ide.mcu.externaltools.gnu-tools-for-stm32.9-2020-q2-update.win32_2.0.0.202105311346/tools/bin/../lib/gcc/arm-none-eabi/9.3.1/thumb/v7-m/nofp\libgcc.a
LOAD d:/stm32cubeide_1.7.0/stm32cubeide/plugins/com.st.stm32cube.ide.mcu.externaltools.gnu-tools-for-stm32.9-2020-q2-update.win32_2.0.0.202105311346/tools/bin/../lib/gcc/arm-none-eabi/9.3.1/../../../../arm-none-eabi/lib/thumb/v7-m/nofp\libc_nano.a
END GROUP
START GROUP
LOAD d:/stm32cubeide_1.7.0/stm32cubeide/plugins/com.st.stm32cube.ide.mcu.externaltools.gnu-tools-for-stm32.9-2020-q2-update.win32_2.0.0.202105311346/tools/bin/../lib/gcc/arm-none-eabi/9.3.1/thumb/v7-m/nofp\libgcc.a
LOAD d:/stm32cubeide_1.7.0/stm32cubeide/plugins/com.st.stm32cube.ide.mcu.externaltools.gnu-tools-for-stm32.9-2020-q2-update.win32_2.0.0.202105311346/tools/bin/../lib/gcc/arm-none-eabi/9.3.1/../../../../arm-none-eabi/lib/thumb/v7-m/nofp\libc_nano.a
LOAD d:/stm32cubeide_1.7.0/stm32cubeide/plugins/com.st.stm32cube.ide.mcu.externaltools.gnu-tools-for-stm32.9-2020-q2-update.win32_2.0.0.202105311346/tools/bin/../lib/gcc/arm-none-eabi/9.3.1/../../../../arm-none-eabi/lib/thumb/v7-m/nofp\libnosys.a
END GROUP
START GROUP
LOAD d:/stm32cubeide_1.7.0/stm32cubeide/plugins/com.st.stm32cube.ide.mcu.externaltools.gnu-tools-for-stm32.9-2020-q2-update.win32_2.0.0.202105311346/tools/bin/../lib/gcc/arm-none-eabi/9.3.1/thumb/v7-m/nofp\libgcc.a
LOAD d:/stm32cubeide_1.7.0/stm32cubeide/plugins/com.st.stm32cube.ide.mcu.externaltools.gnu-tools-for-stm32.9-2020-q2-update.win32_2.0.0.202105311346/tools/bin/../lib/gcc/arm-none-eabi/9.3.1/../../../../arm-none-eabi/lib/thumb/v7-m/nofp\libc_nano.a
LOAD d:/stm32cubeide_1.7.0/stm32cubeide/plugins/com.st.stm32cube.ide.mcu.externaltools.gnu-tools-for-stm32.9-2020-q2-update.win32_2.0.0.202105311346/tools/bin/../lib/gcc/arm-none-eabi/9.3.1/../../../../arm-none-eabi/lib/thumb/v7-m/nofp\libnosys.a
END GROUP
LOAD d:/stm32cubeide_1.7.0/stm32cubeide/plugins/com.st.stm32cube.ide.mcu.externaltools.gnu-tools-for-stm32.9-2020-q2-update.win32_2.0.0.202105311346/tools/bin/../lib/gcc/arm-none-eabi/9.3.1/thumb/v7-m/nofp/crtend.o
LOAD d:/stm32cubeide_1.7.0/stm32cubeide/plugins/com.st.stm32cube.ide.mcu.externaltools.gnu-tools-for-stm32.9-2020-q2-update.win32_2.0.0.202105311346/tools/bin/../lib/gcc/arm-none-eabi/9.3.1/thumb/v7-m/nofp/crtn.o
                0x0000000020002800                _estack = (ORIGIN (RAM) + LENGTH (RAM))
                0x0000000000000200                _Min_Heap_Size = 0x200
                0x0000000000000400                _Min_Stack_Size = 0x400

.isr_vector     0x0000000008000000      0x10c
                0x0000000008000000                . = ALIGN (0x4)
 *(.isr_vector)
 .isr_vector    0x0000000008000000      0x10c ./Core/Startup/startup_stm32f103c6tx.o
                0x0000000008000000                g_pfnVectors
                0x000000000800010c                . = ALIGN (0x4)

.text           0x0000000008000110     0x3424
                0x0000000008000110                . = ALIGN (0x4)
 *(.text)
 .text          0x0000000008000110       0x40 d:/stm32cubeide_1.7.0/stm32cubeide/plugins/com.st.stm32cube.ide.mcu.externaltools.gnu-tools-for-stm32.9-2020-q2-update.win32_2.0.0.202105311346/tools/bin/../lib/gcc/arm-none-eabi/9.3.1/thumb/v7-m/nofp/crtbegin.o
 .text          0x0000000008000150      0x378 d:/stm32cubeide_1.7.0/stm32cubeide/plugins/com.st.stm32cube.ide.mcu.externaltools.gnu-tools-for-stm32.9-2020-q2-update.win32_2.0.0.202105311346/tools/bin/../lib/gcc/arm-none-eabi/9.3.1/thumb/v7-m/nofp\libgcc.a(_arm_addsubdf3.o)
                0x0000000008000150                __aeabi_drsub
                0x0000000008000158                __aeabi_dsub
                0x0000000008000158                __subdf3
                0x000000000800015c                __aeabi_dadd
                0x000000000800015c                __adddf3
                0x00000000080003d4                __floatunsidf
                0x00000000080003d4                __aeabi_ui2d
                0x00000000080003f4                __floatsidf
                0x00000000080003f4                __aeabi_i2d
                0x0000000008000418                __aeabi_f2d
                0x0000000008000418                __extendsfdf2
                0x000000000800045c                __floatundidf
                0x000000000800045c                __aeabi_ul2d
                0x000000000800046c                __floatdidf
                0x000000000800046c                __aeabi_l2d
 .text          0x00000000080004c8      0x424 d:/stm32cubeide_1.7.0/stm32cubeide/plugins/com.st.stm32cube.ide.mcu.externaltools.gnu-tools-for-stm32.9-2020-q2-update.win32_2.0.0.202105311346/tools/bin/../lib/gcc/arm-none-eabi/9.3.1/thumb/v7-m/nofp\libgcc.a(_arm_muldivdf3.o)
                0x00000000080004c8                __aeabi_dmul
                0x00000000080004c8                __muldf3
                0x000000000800071c                __divdf3
                0x000000000800071c                __aeabi_ddiv
 .text          0x00000000080008ec       0x50 d:/stm32cubeide_1.7.0/stm32cubeide/plugins/com.st.stm32cube.ide.mcu.externaltools.gnu-tools-for-stm32.9-2020-q2-update.win32_2.0.0.202105311346/tools/bin/../lib/gcc/arm-none-eabi/9.3.1/thumb/v7-m/nofp\libgcc.a(_arm_fixdfsi.o)
                0x00000000080008ec                __aeabi_d2iz
                0x00000000080008ec                __fixdfsi
 *(.text*)
 .text.isButtonPressed
                0x000000000800093c       0x34 ./Core/Src/button.o
                0x000000000800093c                isButtonPressed
 .text.getKeyInput
                0x0000000008000970      0x194 ./Core/Src/button.o
                0x0000000008000970                getKeyInput
 .text.display7SEG
                0x0000000008000b04       0xd4 ./Core/Src/display.o
                0x0000000008000b04                display7SEG
 .text.update7SEG
                0x0000000008000bd8      0x12c ./Core/Src/display.o
                0x0000000008000bd8                update7SEG
 .text.updateClockBufferMode1
                0x0000000008000d04      0x278 ./Core/Src/display.o
                0x0000000008000d04                updateClockBufferMode1
 .text.updateClockBufferMode2
                0x0000000008000f7c       0x58 ./Core/Src/display.o
                0x0000000008000f7c                updateClockBufferMode2
 .text.updateClockBufferMode3
                0x0000000008000fd4       0x58 ./Core/Src/display.o
                0x0000000008000fd4                updateClockBufferMode3
 .text.updateClockBufferMode4
                0x000000000800102c       0x58 ./Core/Src/display.o
                0x000000000800102c                updateClockBufferMode4
 .text.fsm_traffic_light
                0x0000000008001084      0x978 ./Core/Src/fsm_traffic_light.o
                0x0000000008001084                fsm_traffic_light
 .text.main     0x00000000080019fc       0x24 ./Core/Src/main.o
                0x00000000080019fc                main
 .text.SystemClock_Config
                0x0000000008001a20       0x76 ./Core/Src/main.o
                0x0000000008001a20                SystemClock_Config
 *fill*         0x0000000008001a96        0x2 
 .text.MX_TIM2_Init
                0x0000000008001a98      0x118 ./Core/Src/main.o
 .text.MX_GPIO_Init
                0x0000000008001bb0       0xc0 ./Core/Src/main.o
 .text.HAL_TIM_PeriodElapsedCallback
                0x0000000008001c70       0x18 ./Core/Src/main.o
                0x0000000008001c70                HAL_TIM_PeriodElapsedCallback
 .text.Error_Handler
                0x0000000008001c88        0xa ./Core/Src/main.o
                0x0000000008001c88                Error_Handler
 *fill*         0x0000000008001c92        0x2 
 .text.setTimer
                0x0000000008001c94       0x3c ./Core/Src/software_timer.o
                0x0000000008001c94                setTimer
 .text.clearTimer
                0x0000000008001cd0       0x30 ./Core/Src/software_timer.o
                0x0000000008001cd0                clearTimer
 .text.timerRun
                0x0000000008001d00       0x60 ./Core/Src/software_timer.o
                0x0000000008001d00                timerRun
 .text.HAL_MspInit
                0x0000000008001d60       0x64 ./Core/Src/stm32f1xx_hal_msp.o
                0x0000000008001d60                HAL_MspInit
 .text.HAL_TIM_Base_MspInit
                0x0000000008001dc4       0x48 ./Core/Src/stm32f1xx_hal_msp.o
                0x0000000008001dc4                HAL_TIM_Base_MspInit
 .text.NMI_Handler
                0x0000000008001e0c        0x6 ./Core/Src/stm32f1xx_it.o
                0x0000000008001e0c                NMI_Handler
 .text.HardFault_Handler
                0x0000000008001e12        0x6 ./Core/Src/stm32f1xx_it.o
                0x0000000008001e12                HardFault_Handler
 .text.MemManage_Handler
                0x0000000008001e18        0x6 ./Core/Src/stm32f1xx_it.o
                0x0000000008001e18                MemManage_Handler
 .text.BusFault_Handler
                0x0000000008001e1e        0x6 ./Core/Src/stm32f1xx_it.o
                0x0000000008001e1e                BusFault_Handler
 .text.UsageFault_Handler
                0x0000000008001e24        0x6 ./Core/Src/stm32f1xx_it.o
                0x0000000008001e24                UsageFault_Handler
 .text.SVC_Handler
                0x0000000008001e2a        0xc ./Core/Src/stm32f1xx_it.o
                0x0000000008001e2a                SVC_Handler
 .text.DebugMon_Handler
                0x0000000008001e36        0xc ./Core/Src/stm32f1xx_it.o
                0x0000000008001e36                DebugMon_Handler
 .text.PendSV_Handler
                0x0000000008001e42        0xc ./Core/Src/stm32f1xx_it.o
                0x0000000008001e42                PendSV_Handler
 .text.SysTick_Handler
                0x0000000008001e4e        0xc ./Core/Src/stm32f1xx_it.o
                0x0000000008001e4e                SysTick_Handler
 *fill*         0x0000000008001e5a        0x2 
 .text.TIM2_IRQHandler
                0x0000000008001e5c       0x14 ./Core/Src/stm32f1xx_it.o
                0x0000000008001e5c                TIM2_IRQHandler
 .text.SystemInit
                0x0000000008001e70        0xc ./Core/Src/system_stm32f1xx.o
                0x0000000008001e70                SystemInit
 .text.Reset_Handler
                0x0000000008001e7c       0x48 ./Core/Startup/startup_stm32f103c6tx.o
                0x0000000008001e7c                Reset_Handler
 .text.Default_Handler
                0x0000000008001ec4        0x2 ./Core/Startup/startup_stm32f103c6tx.o
                0x0000000008001ec4                RTC_Alarm_IRQHandler
                0x0000000008001ec4                EXTI2_IRQHandler
                0x0000000008001ec4                TIM1_CC_IRQHandler
                0x0000000008001ec4                PVD_IRQHandler
                0x0000000008001ec4                EXTI3_IRQHandler
                0x0000000008001ec4                EXTI0_IRQHandler
                0x0000000008001ec4                ADC1_2_IRQHandler
                0x0000000008001ec4                SPI1_IRQHandler
                0x0000000008001ec4                TAMPER_IRQHandler
                0x0000000008001ec4                DMA1_Channel4_IRQHandler
                0x0000000008001ec4                RTC_IRQHandler
                0x0000000008001ec4                DMA1_Channel7_IRQHandler
                0x0000000008001ec4                CAN1_RX1_IRQHandler
                0x0000000008001ec4                I2C1_EV_IRQHandler
                0x0000000008001ec4                DMA1_Channel6_IRQHandler
                0x0000000008001ec4                TIM3_IRQHandler
                0x0000000008001ec4                RCC_IRQHandler
                0x0000000008001ec4                TIM1_TRG_COM_IRQHandler
                0x0000000008001ec4                DMA1_Channel1_IRQHandler
                0x0000000008001ec4                Default_Handler
                0x0000000008001ec4                EXTI15_10_IRQHandler
                0x0000000008001ec4                EXTI9_5_IRQHandler
                0x0000000008001ec4                DMA1_Channel5_IRQHandler
                0x0000000008001ec4                EXTI4_IRQHandler
                0x0000000008001ec4                USB_LP_CAN1_RX0_IRQHandler
                0x0000000008001ec4                USB_HP_CAN1_TX_IRQHandler
                0x0000000008001ec4                DMA1_Channel3_IRQHandler
                0x0000000008001ec4                TIM1_UP_IRQHandler
                0x0000000008001ec4                WWDG_IRQHandler
                0x0000000008001ec4                TIM1_BRK_IRQHandler
                0x0000000008001ec4                EXTI1_IRQHandler
                0x0000000008001ec4                USART2_IRQHandler
                0x0000000008001ec4                DMA1_Channel2_IRQHandler
                0x0000000008001ec4                CAN1_SCE_IRQHandler
                0x0000000008001ec4                FLASH_IRQHandler
                0x0000000008001ec4                USART1_IRQHandler
                0x0000000008001ec4                I2C1_ER_IRQHandler
                0x0000000008001ec4                USBWakeUp_IRQHandler
 *fill*         0x0000000008001ec6        0x2 
 .text.HAL_Init
                0x0000000008001ec8       0x2c ./Drivers/STM32F1xx_HAL_Driver/Src/stm32f1xx_hal.o
                0x0000000008001ec8                HAL_Init
 .text.HAL_InitTick
                0x0000000008001ef4       0x60 ./Drivers/STM32F1xx_HAL_Driver/Src/stm32f1xx_hal.o
                0x0000000008001ef4                HAL_InitTick
 .text.HAL_IncTick
                0x0000000008001f54       0x24 ./Drivers/STM32F1xx_HAL_Driver/Src/stm32f1xx_hal.o
                0x0000000008001f54                HAL_IncTick
 .text.HAL_GetTick
                0x0000000008001f78       0x14 ./Drivers/STM32F1xx_HAL_Driver/Src/stm32f1xx_hal.o
                0x0000000008001f78                HAL_GetTick
 .text.__NVIC_SetPriorityGrouping
                0x0000000008001f8c       0x48 ./Drivers/STM32F1xx_HAL_Driver/Src/stm32f1xx_hal_cortex.o
 .text.__NVIC_GetPriorityGrouping
                0x0000000008001fd4       0x1c ./Drivers/STM32F1xx_HAL_Driver/Src/stm32f1xx_hal_cortex.o
 .text.__NVIC_EnableIRQ
                0x0000000008001ff0       0x38 ./Drivers/STM32F1xx_HAL_Driver/Src/stm32f1xx_hal_cortex.o
 .text.__NVIC_SetPriority
                0x0000000008002028       0x54 ./Drivers/STM32F1xx_HAL_Driver/Src/stm32f1xx_hal_cortex.o
 .text.NVIC_EncodePriority
                0x000000000800207c       0x64 ./Drivers/STM32F1xx_HAL_Driver/Src/stm32f1xx_hal_cortex.o
 .text.SysTick_Config
                0x00000000080020e0       0x44 ./Drivers/STM32F1xx_HAL_Driver/Src/stm32f1xx_hal_cortex.o
 .text.HAL_NVIC_SetPriorityGrouping
                0x0000000008002124       0x16 ./Drivers/STM32F1xx_HAL_Driver/Src/stm32f1xx_hal_cortex.o
                0x0000000008002124                HAL_NVIC_SetPriorityGrouping
 .text.HAL_NVIC_SetPriority
                0x000000000800213a       0x38 ./Drivers/STM32F1xx_HAL_Driver/Src/stm32f1xx_hal_cortex.o
                0x000000000800213a                HAL_NVIC_SetPriority
 .text.HAL_NVIC_EnableIRQ
                0x0000000008002172       0x1c ./Drivers/STM32F1xx_HAL_Driver/Src/stm32f1xx_hal_cortex.o
                0x0000000008002172                HAL_NVIC_EnableIRQ
 .text.HAL_SYSTICK_Config
                0x000000000800218e       0x18 ./Drivers/STM32F1xx_HAL_Driver/Src/stm32f1xx_hal_cortex.o
                0x000000000800218e                HAL_SYSTICK_Config
 *fill*         0x00000000080021a6        0x2 
 .text.HAL_GPIO_Init
                0x00000000080021a8      0x2f4 ./Drivers/STM32F1xx_HAL_Driver/Src/stm32f1xx_hal_gpio.o
                0x00000000080021a8                HAL_GPIO_Init
 .text.HAL_GPIO_ReadPin
                0x000000000800249c       0x2e ./Drivers/STM32F1xx_HAL_Driver/Src/stm32f1xx_hal_gpio.o
                0x000000000800249c                HAL_GPIO_ReadPin
 .text.HAL_GPIO_WritePin
                0x00000000080024ca       0x30 ./Drivers/STM32F1xx_HAL_Driver/Src/stm32f1xx_hal_gpio.o
                0x00000000080024ca                HAL_GPIO_WritePin
 .text.HAL_GPIO_TogglePin
                0x00000000080024fa       0x32 ./Drivers/STM32F1xx_HAL_Driver/Src/stm32f1xx_hal_gpio.o
                0x00000000080024fa                HAL_GPIO_TogglePin
 .text.HAL_RCC_OscConfig
                0x000000000800252c      0x500 ./Drivers/STM32F1xx_HAL_Driver/Src/stm32f1xx_hal_rcc.o
                0x000000000800252c                HAL_RCC_OscConfig
 .text.HAL_RCC_ClockConfig
                0x0000000008002a2c      0x1d4 ./Drivers/STM32F1xx_HAL_Driver/Src/stm32f1xx_hal_rcc.o
                0x0000000008002a2c                HAL_RCC_ClockConfig
 .text.HAL_RCC_GetSysClockFreq
                0x0000000008002c00       0xc0 ./Drivers/STM32F1xx_HAL_Driver/Src/stm32f1xx_hal_rcc.o
                0x0000000008002c00                HAL_RCC_GetSysClockFreq
 .text.RCC_Delay
                0x0000000008002cc0       0x3c ./Drivers/STM32F1xx_HAL_Driver/Src/stm32f1xx_hal_rcc.o
 .text.HAL_TIM_Base_Init
                0x0000000008002cfc       0x9e ./Drivers/STM32F1xx_HAL_Driver/Src/stm32f1xx_hal_tim.o
                0x0000000008002cfc                HAL_TIM_Base_Init
 *fill*         0x0000000008002d9a        0x2 
 .text.HAL_TIM_Base_Start_IT
                0x0000000008002d9c       0x98 ./Drivers/STM32F1xx_HAL_Driver/Src/stm32f1xx_hal_tim.o
                0x0000000008002d9c                HAL_TIM_Base_Start_IT
 .text.HAL_TIM_IRQHandler
                0x0000000008002e34      0x210 ./Drivers/STM32F1xx_HAL_Driver/Src/stm32f1xx_hal_tim.o
                0x0000000008002e34                HAL_TIM_IRQHandler
 .text.HAL_TIM_ConfigClockSource
                0x0000000008003044      0x188 ./Drivers/STM32F1xx_HAL_Driver/Src/stm32f1xx_hal_tim.o
                0x0000000008003044                HAL_TIM_ConfigClockSource
 .text.HAL_TIM_OC_DelayElapsedCallback
                0x00000000080031cc       0x12 ./Drivers/STM32F1xx_HAL_Driver/Src/stm32f1xx_hal_tim.o
                0x00000000080031cc                HAL_TIM_OC_DelayElapsedCallback
 .text.HAL_TIM_IC_CaptureCallback
                0x00000000080031de       0x12 ./Drivers/STM32F1xx_HAL_Driver/Src/stm32f1xx_hal_tim.o
                0x00000000080031de                HAL_TIM_IC_CaptureCallback
 .text.HAL_TIM_PWM_PulseFinishedCallback
                0x00000000080031f0       0x12 ./Drivers/STM32F1xx_HAL_Driver/Src/stm32f1xx_hal_tim.o
                0x00000000080031f0                HAL_TIM_PWM_PulseFinishedCallback
 .text.HAL_TIM_TriggerCallback
                0x0000000008003202       0x12 ./Drivers/STM32F1xx_HAL_Driver/Src/stm32f1xx_hal_tim.o
                0x0000000008003202                HAL_TIM_TriggerCallback
 .text.TIM_Base_SetConfig
                0x0000000008003214       0xb0 ./Drivers/STM32F1xx_HAL_Driver/Src/stm32f1xx_hal_tim.o
                0x0000000008003214                TIM_Base_SetConfig
 .text.TIM_TI1_ConfigInputStage
                0x00000000080032c4       0x5c ./Drivers/STM32F1xx_HAL_Driver/Src/stm32f1xx_hal_tim.o
 .text.TIM_TI2_ConfigInputStage
                0x0000000008003320       0x5e ./Drivers/STM32F1xx_HAL_Driver/Src/stm32f1xx_hal_tim.o
 .text.TIM_ITRx_SetConfig
                0x000000000800337e       0x34 ./Drivers/STM32F1xx_HAL_Driver/Src/stm32f1xx_hal_tim.o
 .text.TIM_ETR_SetConfig
                0x00000000080033b2       0x3e ./Drivers/STM32F1xx_HAL_Driver/Src/stm32f1xx_hal_tim.o
                0x00000000080033b2                TIM_ETR_SetConfig
 .text.HAL_TIMEx_MasterConfigSynchronization
                0x00000000080033f0       0xb0 ./Drivers/STM32F1xx_HAL_Driver/Src/stm32f1xx_hal_tim_ex.o
                0x00000000080033f0                HAL_TIMEx_MasterConfigSynchronization
 .text.HAL_TIMEx_CommutCallback
                0x00000000080034a0       0x12 ./Drivers/STM32F1xx_HAL_Driver/Src/stm32f1xx_hal_tim_ex.o
                0x00000000080034a0                HAL_TIMEx_CommutCallback
 .text.HAL_TIMEx_BreakCallback
                0x00000000080034b2       0x12 ./Drivers/STM32F1xx_HAL_Driver/Src/stm32f1xx_hal_tim_ex.o
                0x00000000080034b2                HAL_TIMEx_BreakCallback
 .text.__libc_init_array
                0x00000000080034c4       0x48 d:/stm32cubeide_1.7.0/stm32cubeide/plugins/com.st.stm32cube.ide.mcu.externaltools.gnu-tools-for-stm32.9-2020-q2-update.win32_2.0.0.202105311346/tools/bin/../lib/gcc/arm-none-eabi/9.3.1/../../../../arm-none-eabi/lib/thumb/v7-m/nofp\libc_nano.a(lib_a-init.o)
                0x00000000080034c4                __libc_init_array
 .text.memset   0x000000000800350c       0x10 d:/stm32cubeide_1.7.0/stm32cubeide/plugins/com.st.stm32cube.ide.mcu.externaltools.gnu-tools-for-stm32.9-2020-q2-update.win32_2.0.0.202105311346/tools/bin/../lib/gcc/arm-none-eabi/9.3.1/../../../../arm-none-eabi/lib/thumb/v7-m/nofp\libc_nano.a(lib_a-memset.o)
                0x000000000800350c                memset
 *(.glue_7)
 .glue_7        0x000000000800351c        0x0 linker stubs
 *(.glue_7t)
 .glue_7t       0x000000000800351c        0x0 linker stubs
 *(.eh_frame)
 .eh_frame      0x000000000800351c        0x0 d:/stm32cubeide_1.7.0/stm32cubeide/plugins/com.st.stm32cube.ide.mcu.externaltools.gnu-tools-for-stm32.9-2020-q2-update.win32_2.0.0.202105311346/tools/bin/../lib/gcc/arm-none-eabi/9.3.1/thumb/v7-m/nofp/crtbegin.o
 *(.init)
 .init          0x000000000800351c        0x4 d:/stm32cubeide_1.7.0/stm32cubeide/plugins/com.st.stm32cube.ide.mcu.externaltools.gnu-tools-for-stm32.9-2020-q2-update.win32_2.0.0.202105311346/tools/bin/../lib/gcc/arm-none-eabi/9.3.1/thumb/v7-m/nofp/crti.o
                0x000000000800351c                _init
 .init          0x0000000008003520        0x8 d:/stm32cubeide_1.7.0/stm32cubeide/plugins/com.st.stm32cube.ide.mcu.externaltools.gnu-tools-for-stm32.9-2020-q2-update.win32_2.0.0.202105311346/tools/bin/../lib/gcc/arm-none-eabi/9.3.1/thumb/v7-m/nofp/crtn.o
 *(.fini)
 .fini          0x0000000008003528        0x4 d:/stm32cubeide_1.7.0/stm32cubeide/plugins/com.st.stm32cube.ide.mcu.externaltools.gnu-tools-for-stm32.9-2020-q2-update.win32_2.0.0.202105311346/tools/bin/../lib/gcc/arm-none-eabi/9.3.1/thumb/v7-m/nofp/crti.o
                0x0000000008003528                _fini
 .fini          0x000000000800352c        0x8 d:/stm32cubeide_1.7.0/stm32cubeide/plugins/com.st.stm32cube.ide.mcu.externaltools.gnu-tools-for-stm32.9-2020-q2-update.win32_2.0.0.202105311346/tools/bin/../lib/gcc/arm-none-eabi/9.3.1/thumb/v7-m/nofp/crtn.o
                0x0000000008003534                . = ALIGN (0x4)
                0x0000000008003534                _etext = .

.vfp11_veneer   0x0000000008003534        0x0
 .vfp11_veneer  0x0000000008003534        0x0 linker stubs

.v4_bx          0x0000000008003534        0x0
 .v4_bx         0x0000000008003534        0x0 linker stubs

.iplt           0x0000000008003534        0x0
 .iplt          0x0000000008003534        0x0 d:/stm32cubeide_1.7.0/stm32cubeide/plugins/com.st.stm32cube.ide.mcu.externaltools.gnu-tools-for-stm32.9-2020-q2-update.win32_2.0.0.202105311346/tools/bin/../lib/gcc/arm-none-eabi/9.3.1/thumb/v7-m/nofp/crtbegin.o

.rodata         0x0000000008003534       0x2c
                0x0000000008003534                . = ALIGN (0x4)
 *(.rodata)
 .rodata        0x0000000008003534        0xa ./Core/Src/display.o
 *fill*         0x000000000800353e        0x2 
 .rodata        0x0000000008003540       0x10 ./Drivers/STM32F1xx_HAL_Driver/Src/stm32f1xx_hal_rcc.o
 *(.rodata*)
 .rodata.AHBPrescTable
                0x0000000008003550       0x10 ./Core/Src/system_stm32f1xx.o
                0x0000000008003550                AHBPrescTable
                0x0000000008003560                . = ALIGN (0x4)

.rel.dyn        0x0000000008003560        0x0
 .rel.iplt      0x0000000008003560        0x0 d:/stm32cubeide_1.7.0/stm32cubeide/plugins/com.st.stm32cube.ide.mcu.externaltools.gnu-tools-for-stm32.9-2020-q2-update.win32_2.0.0.202105311346/tools/bin/../lib/gcc/arm-none-eabi/9.3.1/thumb/v7-m/nofp/crtbegin.o

.ARM.extab      0x0000000008003560        0x0
                0x0000000008003560                . = ALIGN (0x4)
 *(.ARM.extab* .gnu.linkonce.armextab.*)
                0x0000000008003560                . = ALIGN (0x4)

.ARM            0x0000000008003560        0x0
                0x0000000008003560                . = ALIGN (0x4)
                0x0000000008003560                __exidx_start = .
 *(.ARM.exidx*)
                0x0000000008003560                __exidx_end = .
                0x0000000008003560                . = ALIGN (0x4)

.preinit_array  0x0000000008003560        0x0
                0x0000000008003560                . = ALIGN (0x4)
                0x0000000008003560                PROVIDE (__preinit_array_start = .)
 *(.preinit_array*)
                0x0000000008003560                PROVIDE (__preinit_array_end = .)
                0x0000000008003560                . = ALIGN (0x4)

.init_array     0x0000000008003560        0x4
                0x0000000008003560                . = ALIGN (0x4)
                0x0000000008003560                PROVIDE (__init_array_start = .)
 *(SORT_BY_NAME(.init_array.*))
 *(.init_array*)
 .init_array    0x0000000008003560        0x4 d:/stm32cubeide_1.7.0/stm32cubeide/plugins/com.st.stm32cube.ide.mcu.externaltools.gnu-tools-for-stm32.9-2020-q2-update.win32_2.0.0.202105311346/tools/bin/../lib/gcc/arm-none-eabi/9.3.1/thumb/v7-m/nofp/crtbegin.o
                0x0000000008003564                PROVIDE (__init_array_end = .)
                0x0000000008003564                . = ALIGN (0x4)

.fini_array     0x0000000008003564        0x4
                0x0000000008003564                . = ALIGN (0x4)
                [!provide]                        PROVIDE (__fini_array_start = .)
 *(SORT_BY_NAME(.fini_array.*))
 *(.fini_array*)
 .fini_array    0x0000000008003564        0x4 d:/stm32cubeide_1.7.0/stm32cubeide/plugins/com.st.stm32cube.ide.mcu.externaltools.gnu-tools-for-stm32.9-2020-q2-update.win32_2.0.0.202105311346/tools/bin/../lib/gcc/arm-none-eabi/9.3.1/thumb/v7-m/nofp/crtbegin.o
                [!provide]                        PROVIDE (__fini_array_end = .)
                0x0000000008003568                . = ALIGN (0x4)
                0x0000000008003568                _sidata = LOADADDR (.data)

.data           0x0000000020000000       0x60 load address 0x0000000008003568
                0x0000000020000000                . = ALIGN (0x4)
                0x0000000020000000                _sdata = .
 *(.data)
 *(.data*)
 .data.KeyReg0  0x0000000020000000        0xc ./Core/Src/button.o
                0x0000000020000000                KeyReg0
 .data.KeyReg1  0x000000002000000c        0xc ./Core/Src/button.o
                0x000000002000000c                KeyReg1
 .data.KeyReg2  0x0000000020000018        0xc ./Core/Src/button.o
                0x0000000020000018                KeyReg2
 .data.KeyReg3  0x0000000020000024        0xc ./Core/Src/button.o
                0x0000000020000024                KeyReg3
 .data.led_buffer
                0x0000000020000030       0x10 ./Core/Src/display.o
                0x0000000020000030                led_buffer
 .data.counterL
                0x0000000020000040        0x4 ./Core/Src/display.o
                0x0000000020000040                counterL
 .data.counterP
                0x0000000020000044        0x4 ./Core/Src/display.o
                0x0000000020000044                counterP
 .data.RED      0x0000000020000048        0x4 ./Core/Src/global.o
                0x0000000020000048                RED
 .data.AMBER    0x000000002000004c        0x4 ./Core/Src/global.o
                0x000000002000004c                AMBER
 .data.GREEN    0x0000000020000050        0x4 ./Core/Src/global.o
                0x0000000020000050                GREEN
 .data.SystemCoreClock
                0x0000000020000054        0x4 ./Core/Src/system_stm32f1xx.o
                0x0000000020000054                SystemCoreClock
 .data.uwTickPrio
                0x0000000020000058        0x4 ./Drivers/STM32F1xx_HAL_Driver/Src/stm32f1xx_hal.o
                0x0000000020000058                uwTickPrio
 .data.uwTickFreq
                0x000000002000005c        0x1 ./Drivers/STM32F1xx_HAL_Driver/Src/stm32f1xx_hal.o
                0x000000002000005c                uwTickFreq
 *(.RamFunc)
 *(.RamFunc*)
                0x0000000020000060                . = ALIGN (0x4)
 *fill*         0x000000002000005d        0x3 
                0x0000000020000060                _edata = .

.igot.plt       0x0000000020000060        0x0 load address 0x00000000080035c8
 .igot.plt      0x0000000020000060        0x0 d:/stm32cubeide_1.7.0/stm32cubeide/plugins/com.st.stm32cube.ide.mcu.externaltools.gnu-tools-for-stm32.9-2020-q2-update.win32_2.0.0.202105311346/tools/bin/../lib/gcc/arm-none-eabi/9.3.1/thumb/v7-m/nofp/crtbegin.o
                0x0000000020000060                . = ALIGN (0x4)

.bss            0x0000000020000060       0xb8 load address 0x00000000080035c8
                0x0000000020000060                _sbss = .
                0x0000000020000060                __bss_start__ = _sbss
 *(.bss)
 .bss           0x0000000020000060       0x1c d:/stm32cubeide_1.7.0/stm32cubeide/plugins/com.st.stm32cube.ide.mcu.externaltools.gnu-tools-for-stm32.9-2020-q2-update.win32_2.0.0.202105311346/tools/bin/../lib/gcc/arm-none-eabi/9.3.1/thumb/v7-m/nofp/crtbegin.o
 *(.bss*)
 .bss.button_flag
                0x000000002000007c        0xc ./Core/Src/button.o
                0x000000002000007c                button_flag
 .bss.buttonlong_flag
                0x0000000020000088        0xc ./Core/Src/button.o
                0x0000000020000088                buttonlong_flag
 .bss.TimeOutForKeyPress
                0x0000000020000094        0xc ./Core/Src/button.o
                0x0000000020000094                TimeOutForKeyPress
 .bss.index_led
                0x00000000200000a0        0x4 ./Core/Src/display.o
                0x00000000200000a0                index_led
 .bss.status    0x00000000200000a4        0x4 ./Core/Src/global.o
                0x00000000200000a4                status
 .bss.timer_counter
                0x00000000200000a8       0x10 ./Core/Src/software_timer.o
                0x00000000200000a8                timer_counter
 .bss.timer_flag
                0x00000000200000b8       0x10 ./Core/Src/software_timer.o
                0x00000000200000b8                timer_flag
 *(COMMON)
 COMMON         0x00000000200000c8       0x48 ./Core/Src/main.o
                0x00000000200000c8                htim2
 COMMON         0x0000000020000110        0x4 ./Core/Src/software_timer.o
                0x0000000020000110                TIME_CYCLE
 COMMON         0x0000000020000114        0x4 ./Drivers/STM32F1xx_HAL_Driver/Src/stm32f1xx_hal.o
                0x0000000020000114                uwTick
                0x0000000020000118                . = ALIGN (0x4)
                0x0000000020000118                _ebss = .
                0x0000000020000118                __bss_end__ = _ebss

._user_heap_stack
                0x0000000020000118      0x600 load address 0x00000000080035c8
                0x0000000020000118                . = ALIGN (0x8)
                [!provide]                        PROVIDE (end = .)
                0x0000000020000118                PROVIDE (_end = .)
                0x0000000020000318                . = (. + _Min_Heap_Size)
 *fill*         0x0000000020000118      0x200 
                0x0000000020000718                . = (. + _Min_Stack_Size)
 *fill*         0x0000000020000318      0x400 
                0x0000000020000718                . = ALIGN (0x8)

/DISCARD/
 libc.a(*)
 libm.a(*)
 libgcc.a(*)

.ARM.attributes
                0x0000000000000000       0x29
 *(.ARM.attributes)
 .ARM.attributes
                0x0000000000000000       0x1d d:/stm32cubeide_1.7.0/stm32cubeide/plugins/com.st.stm32cube.ide.mcu.externaltools.gnu-tools-for-stm32.9-2020-q2-update.win32_2.0.0.202105311346/tools/bin/../lib/gcc/arm-none-eabi/9.3.1/thumb/v7-m/nofp/crti.o
 .ARM.attributes
                0x000000000000001d       0x2d d:/stm32cubeide_1.7.0/stm32cubeide/plugins/com.st.stm32cube.ide.mcu.externaltools.gnu-tools-for-stm32.9-2020-q2-update.win32_2.0.0.202105311346/tools/bin/../lib/gcc/arm-none-eabi/9.3.1/thumb/v7-m/nofp/crtbegin.o
 .ARM.attributes
                0x000000000000004a       0x2d ./Core/Src/button.o
 .ARM.attributes
                0x0000000000000077       0x2d ./Core/Src/display.o
 .ARM.attributes
                0x00000000000000a4       0x2d ./Core/Src/fsm_traffic_light.o
 .ARM.attributes
                0x00000000000000d1       0x33 ./Core/Src/global.o
 .ARM.attributes
                0x0000000000000104       0x2d ./Core/Src/main.o
 .ARM.attributes
                0x0000000000000131       0x2d ./Core/Src/software_timer.o
 .ARM.attributes
                0x000000000000015e       0x2d ./Core/Src/stm32f1xx_hal_msp.o
 .ARM.attributes
                0x000000000000018b       0x2d ./Core/Src/stm32f1xx_it.o
 .ARM.attributes
                0x00000000000001b8       0x2d ./Core/Src/system_stm32f1xx.o
 .ARM.attributes
                0x00000000000001e5       0x21 ./Core/Startup/startup_stm32f103c6tx.o
 .ARM.attributes
                0x0000000000000206       0x2d ./Drivers/STM32F1xx_HAL_Driver/Src/stm32f1xx_hal.o
 .ARM.attributes
                0x0000000000000233       0x2d ./Drivers/STM32F1xx_HAL_Driver/Src/stm32f1xx_hal_cortex.o
 .ARM.attributes
                0x0000000000000260       0x2d ./Drivers/STM32F1xx_HAL_Driver/Src/stm32f1xx_hal_gpio.o
 .ARM.attributes
                0x000000000000028d       0x2d ./Drivers/STM32F1xx_HAL_Driver/Src/stm32f1xx_hal_rcc.o
 .ARM.attributes
                0x00000000000002ba       0x2d ./Drivers/STM32F1xx_HAL_Driver/Src/stm32f1xx_hal_tim.o
 .ARM.attributes
                0x00000000000002e7       0x2d ./Drivers/STM32F1xx_HAL_Driver/Src/stm32f1xx_hal_tim_ex.o
 .ARM.attributes
                0x0000000000000314       0x2d d:/stm32cubeide_1.7.0/stm32cubeide/plugins/com.st.stm32cube.ide.mcu.externaltools.gnu-tools-for-stm32.9-2020-q2-update.win32_2.0.0.202105311346/tools/bin/../lib/gcc/arm-none-eabi/9.3.1/../../../../arm-none-eabi/lib/thumb/v7-m/nofp\libc_nano.a(lib_a-init.o)
 .ARM.attributes
                0x0000000000000341       0x2d d:/stm32cubeide_1.7.0/stm32cubeide/plugins/com.st.stm32cube.ide.mcu.externaltools.gnu-tools-for-stm32.9-2020-q2-update.win32_2.0.0.202105311346/tools/bin/../lib/gcc/arm-none-eabi/9.3.1/../../../../arm-none-eabi/lib/thumb/v7-m/nofp\libc_nano.a(lib_a-memset.o)
 .ARM.attributes
                0x000000000000036e       0x1d d:/stm32cubeide_1.7.0/stm32cubeide/plugins/com.st.stm32cube.ide.mcu.externaltools.gnu-tools-for-stm32.9-2020-q2-update.win32_2.0.0.202105311346/tools/bin/../lib/gcc/arm-none-eabi/9.3.1/thumb/v7-m/nofp\libgcc.a(_arm_addsubdf3.o)
 .ARM.attributes
                0x000000000000038b       0x1d d:/stm32cubeide_1.7.0/stm32cubeide/plugins/com.st.stm32cube.ide.mcu.externaltools.gnu-tools-for-stm32.9-2020-q2-update.win32_2.0.0.202105311346/tools/bin/../lib/gcc/arm-none-eabi/9.3.1/thumb/v7-m/nofp\libgcc.a(_arm_muldivdf3.o)
 .ARM.attributes
                0x00000000000003a8       0x1d d:/stm32cubeide_1.7.0/stm32cubeide/plugins/com.st.stm32cube.ide.mcu.externaltools.gnu-tools-for-stm32.9-2020-q2-update.win32_2.0.0.202105311346/tools/bin/../lib/gcc/arm-none-eabi/9.3.1/thumb/v7-m/nofp\libgcc.a(_arm_fixdfsi.o)
 .ARM.attributes
                0x00000000000003c5       0x1d d:/stm32cubeide_1.7.0/stm32cubeide/plugins/com.st.stm32cube.ide.mcu.externaltools.gnu-tools-for-stm32.9-2020-q2-update.win32_2.0.0.202105311346/tools/bin/../lib/gcc/arm-none-eabi/9.3.1/thumb/v7-m/nofp/crtn.o
OUTPUT(Lab3.elf elf32-littlearm)
LOAD linker stubs
LOAD d:/stm32cubeide_1.7.0/stm32cubeide/plugins/com.st.stm32cube.ide.mcu.externaltools.gnu-tools-for-stm32.9-2020-q2-update.win32_2.0.0.202105311346/tools/bin/../lib/gcc/arm-none-eabi/9.3.1/../../../../arm-none-eabi/lib/thumb/v7-m/nofp\libc.a
LOAD d:/stm32cubeide_1.7.0/stm32cubeide/plugins/com.st.stm32cube.ide.mcu.externaltools.gnu-tools-for-stm32.9-2020-q2-update.win32_2.0.0.202105311346/tools/bin/../lib/gcc/arm-none-eabi/9.3.1/../../../../arm-none-eabi/lib/thumb/v7-m/nofp\libm.a
LOAD d:/stm32cubeide_1.7.0/stm32cubeide/plugins/com.st.stm32cube.ide.mcu.externaltools.gnu-tools-for-stm32.9-2020-q2-update.win32_2.0.0.202105311346/tools/bin/../lib/gcc/arm-none-eabi/9.3.1/thumb/v7-m/nofp\libgcc.a

.debug_info     0x0000000000000000     0x8d9d
 .debug_info    0x0000000000000000      0x337 ./Core/Src/button.o
 .debug_info    0x0000000000000337      0x3b1 ./Core/Src/display.o
 .debug_info    0x00000000000006e8      0x2bb ./Core/Src/fsm_traffic_light.o
 .debug_info    0x00000000000009a3       0x91 ./Core/Src/global.o
 .debug_info    0x0000000000000a34      0xc0b ./Core/Src/main.o
 .debug_info    0x000000000000163f      0x113 ./Core/Src/software_timer.o
 .debug_info    0x0000000000001752      0xa04 ./Core/Src/stm32f1xx_hal_msp.o
 .debug_info    0x0000000000002156      0x7b4 ./Core/Src/stm32f1xx_it.o
 .debug_info    0x000000000000290a      0x2be ./Core/Src/system_stm32f1xx.o
 .debug_info    0x0000000000002bc8       0x22 ./Core/Startup/startup_stm32f103c6tx.o
 .debug_info    0x0000000000002bea      0x74c ./Drivers/STM32F1xx_HAL_Driver/Src/stm32f1xx_hal.o
 .debug_info    0x0000000000003336      0xbbe ./Drivers/STM32F1xx_HAL_Driver/Src/stm32f1xx_hal_cortex.o
 .debug_info    0x0000000000003ef4      0x701 ./Drivers/STM32F1xx_HAL_Driver/Src/stm32f1xx_hal_gpio.o
 .debug_info    0x00000000000045f5      0x88e ./Drivers/STM32F1xx_HAL_Driver/Src/stm32f1xx_hal_rcc.o
 .debug_info    0x0000000000004e83     0x2a45 ./Drivers/STM32F1xx_HAL_Driver/Src/stm32f1xx_hal_tim.o
 .debug_info    0x00000000000078c8     0x14d5 ./Drivers/STM32F1xx_HAL_Driver/Src/stm32f1xx_hal_tim_ex.o

.debug_abbrev   0x0000000000000000     0x1a13
 .debug_abbrev  0x0000000000000000      0x15b ./Core/Src/button.o
 .debug_abbrev  0x000000000000015b      0x179 ./Core/Src/display.o
 .debug_abbrev  0x00000000000002d4      0x112 ./Core/Src/fsm_traffic_light.o
 .debug_abbrev  0x00000000000003e6       0x53 ./Core/Src/global.o
 .debug_abbrev  0x0000000000000439      0x23f ./Core/Src/main.o
 .debug_abbrev  0x0000000000000678       0xef ./Core/Src/software_timer.o
 .debug_abbrev  0x0000000000000767      0x1b7 ./Core/Src/stm32f1xx_hal_msp.o
 .debug_abbrev  0x000000000000091e      0x176 ./Core/Src/stm32f1xx_it.o
 .debug_abbrev  0x0000000000000a94      0x14e ./Core/Src/system_stm32f1xx.o
 .debug_abbrev  0x0000000000000be2       0x12 ./Core/Startup/startup_stm32f103c6tx.o
 .debug_abbrev  0x0000000000000bf4      0x1ed ./Drivers/STM32F1xx_HAL_Driver/Src/stm32f1xx_hal.o
 .debug_abbrev  0x0000000000000de1      0x313 ./Drivers/STM32F1xx_HAL_Driver/Src/stm32f1xx_hal_cortex.o
 .debug_abbrev  0x00000000000010f4      0x1e8 ./Drivers/STM32F1xx_HAL_Driver/Src/stm32f1xx_hal_gpio.o
 .debug_abbrev  0x00000000000012dc      0x273 ./Drivers/STM32F1xx_HAL_Driver/Src/stm32f1xx_hal_rcc.o
 .debug_abbrev  0x000000000000154f      0x25e ./Drivers/STM32F1xx_HAL_Driver/Src/stm32f1xx_hal_tim.o
 .debug_abbrev  0x00000000000017ad      0x266 ./Drivers/STM32F1xx_HAL_Driver/Src/stm32f1xx_hal_tim_ex.o

.debug_aranges  0x0000000000000000      0xa08
 .debug_aranges
                0x0000000000000000       0x28 ./Core/Src/button.o
 .debug_aranges
                0x0000000000000028       0x48 ./Core/Src/display.o
 .debug_aranges
                0x0000000000000070       0x20 ./Core/Src/fsm_traffic_light.o
 .debug_aranges
                0x0000000000000090       0x18 ./Core/Src/global.o
 .debug_aranges
                0x00000000000000a8       0x48 ./Core/Src/main.o
 .debug_aranges
                0x00000000000000f0       0x30 ./Core/Src/software_timer.o
 .debug_aranges
                0x0000000000000120       0x30 ./Core/Src/stm32f1xx_hal_msp.o
 .debug_aranges
                0x0000000000000150       0x68 ./Core/Src/stm32f1xx_it.o
 .debug_aranges
                0x00000000000001b8       0x28 ./Core/Src/system_stm32f1xx.o
 .debug_aranges
                0x00000000000001e0       0x28 ./Core/Startup/startup_stm32f103c6tx.o
 .debug_aranges
                0x0000000000000208       0xe0 ./Drivers/STM32F1xx_HAL_Driver/Src/stm32f1xx_hal.o
 .debug_aranges
                0x00000000000002e8      0x100 ./Drivers/STM32F1xx_HAL_Driver/Src/stm32f1xx_hal_cortex.o
 .debug_aranges
                0x00000000000003e8       0x58 ./Drivers/STM32F1xx_HAL_Driver/Src/stm32f1xx_hal_gpio.o
 .debug_aranges
                0x0000000000000440       0x90 ./Drivers/STM32F1xx_HAL_Driver/Src/stm32f1xx_hal_rcc.o
 .debug_aranges
                0x00000000000004d0      0x3d0 ./Drivers/STM32F1xx_HAL_Driver/Src/stm32f1xx_hal_tim.o
 .debug_aranges
                0x00000000000008a0      0x168 ./Drivers/STM32F1xx_HAL_Driver/Src/stm32f1xx_hal_tim_ex.o

.debug_ranges   0x0000000000000000      0x908
 .debug_ranges  0x0000000000000000       0x18 ./Core/Src/button.o
 .debug_ranges  0x0000000000000018       0x38 ./Core/Src/display.o
 .debug_ranges  0x0000000000000050       0x10 ./Core/Src/fsm_traffic_light.o
 .debug_ranges  0x0000000000000060       0x38 ./Core/Src/main.o
 .debug_ranges  0x0000000000000098       0x20 ./Core/Src/software_timer.o
 .debug_ranges  0x00000000000000b8       0x20 ./Core/Src/stm32f1xx_hal_msp.o
 .debug_ranges  0x00000000000000d8       0x58 ./Core/Src/stm32f1xx_it.o
 .debug_ranges  0x0000000000000130       0x18 ./Core/Src/system_stm32f1xx.o
 .debug_ranges  0x0000000000000148       0x20 ./Core/Startup/startup_stm32f103c6tx.o
 .debug_ranges  0x0000000000000168       0xd0 ./Drivers/STM32F1xx_HAL_Driver/Src/stm32f1xx_hal.o
 .debug_ranges  0x0000000000000238       0xf0 ./Drivers/STM32F1xx_HAL_Driver/Src/stm32f1xx_hal_cortex.o
 .debug_ranges  0x0000000000000328       0x48 ./Drivers/STM32F1xx_HAL_Driver/Src/stm32f1xx_hal_gpio.o
 .debug_ranges  0x0000000000000370       0x80 ./Drivers/STM32F1xx_HAL_Driver/Src/stm32f1xx_hal_rcc.o
 .debug_ranges  0x00000000000003f0      0x3c0 ./Drivers/STM32F1xx_HAL_Driver/Src/stm32f1xx_hal_tim.o
 .debug_ranges  0x00000000000007b0      0x158 ./Drivers/STM32F1xx_HAL_Driver/Src/stm32f1xx_hal_tim_ex.o

.debug_macro    0x0000000000000000    0x1690a
 .debug_macro   0x0000000000000000      0x1bf ./Core/Src/button.o
 .debug_macro   0x00000000000001bf      0xa9c ./Core/Src/button.o
 .debug_macro   0x0000000000000c5b      0x215 ./Core/Src/button.o
 .debug_macro   0x0000000000000e70       0x2e ./Core/Src/button.o
 .debug_macro   0x0000000000000e9e       0x22 ./Core/Src/button.o
 .debug_macro   0x0000000000000ec0       0x22 ./Core/Src/button.o
 .debug_macro   0x0000000000000ee2       0x8e ./Core/Src/button.o
 .debug_macro   0x0000000000000f70       0x51 ./Core/Src/button.o
 .debug_macro   0x0000000000000fc1      0x103 ./Core/Src/button.o
 .debug_macro   0x00000000000010c4       0x6a ./Core/Src/button.o
 .debug_macro   0x000000000000112e      0x1df ./Core/Src/button.o
 .debug_macro   0x000000000000130d       0x1c ./Core/Src/button.o
 .debug_macro   0x0000000000001329       0x22 ./Core/Src/button.o
 .debug_macro   0x000000000000134b       0xc3 ./Core/Src/button.o
 .debug_macro   0x000000000000140e      0xd23 ./Core/Src/button.o
 .debug_macro   0x0000000000002131     0xde75 ./Core/Src/button.o
 .debug_macro   0x000000000000ffa6       0x6d ./Core/Src/button.o
 .debug_macro   0x0000000000010013     0x3468 ./Core/Src/button.o
 .debug_macro   0x000000000001347b      0x174 ./Core/Src/button.o
 .debug_macro   0x00000000000135ef       0x5c ./Core/Src/button.o
 .debug_macro   0x000000000001364b      0x5be ./Core/Src/button.o
 .debug_macro   0x0000000000013c09      0x1b7 ./Core/Src/button.o
 .debug_macro   0x0000000000013dc0      0x1cb ./Core/Src/button.o
 .debug_macro   0x0000000000013f8b      0x114 ./Core/Src/button.o
 .debug_macro   0x000000000001409f      0x1b2 ./Core/Src/button.o
 .debug_macro   0x0000000000014251       0x27 ./Core/Src/button.o
 .debug_macro   0x0000000000014278      0x12f ./Core/Src/button.o
 .debug_macro   0x00000000000143a7      0x1bc ./Core/Src/button.o
 .debug_macro   0x0000000000014563       0x34 ./Core/Src/button.o
 .debug_macro   0x0000000000014597       0x3c ./Core/Src/button.o
 .debug_macro   0x00000000000145d3       0x57 ./Core/Src/button.o
 .debug_macro   0x000000000001462a       0x88 ./Core/Src/button.o
 .debug_macro   0x00000000000146b2      0x183 ./Core/Src/button.o
 .debug_macro   0x0000000000014835      0x141 ./Core/Src/button.o
 .debug_macro   0x0000000000014976      0x8d1 ./Core/Src/button.o
 .debug_macro   0x0000000000015247       0x69 ./Core/Src/button.o
 .debug_macro   0x00000000000152b0       0xf4 ./Core/Src/button.o
 .debug_macro   0x00000000000153a4       0x10 ./Core/Src/button.o
 .debug_macro   0x00000000000153b4       0x16 ./Core/Src/button.o
 .debug_macro   0x00000000000153ca      0x1ba ./Core/Src/display.o
 .debug_macro   0x0000000000015584       0x64 ./Core/Src/display.o
 .debug_macro   0x00000000000155e8      0x1dc ./Core/Src/fsm_traffic_light.o
 .debug_macro   0x00000000000157c4       0x1a ./Core/Src/global.o
 .debug_macro   0x00000000000157de      0x1f0 ./Core/Src/main.o
 .debug_macro   0x00000000000159ce       0x1a ./Core/Src/software_timer.o
 .debug_macro   0x00000000000159e8      0x1a7 ./Core/Src/stm32f1xx_hal_msp.o
 .debug_macro   0x0000000000015b8f      0x1b1 ./Core/Src/stm32f1xx_it.o
 .debug_macro   0x0000000000015d40      0x198 ./Core/Src/system_stm32f1xx.o
 .debug_macro   0x0000000000015ed8      0x1bc ./Drivers/STM32F1xx_HAL_Driver/Src/stm32f1xx_hal.o
 .debug_macro   0x0000000000016094      0x198 ./Drivers/STM32F1xx_HAL_Driver/Src/stm32f1xx_hal_cortex.o
 .debug_macro   0x000000000001622c      0x203 ./Drivers/STM32F1xx_HAL_Driver/Src/stm32f1xx_hal_gpio.o
 .debug_macro   0x000000000001642f      0x1aa ./Drivers/STM32F1xx_HAL_Driver/Src/stm32f1xx_hal_rcc.o
 .debug_macro   0x00000000000165d9      0x199 ./Drivers/STM32F1xx_HAL_Driver/Src/stm32f1xx_hal_tim.o
 .debug_macro   0x0000000000016772      0x198 ./Drivers/STM32F1xx_HAL_Driver/Src/stm32f1xx_hal_tim_ex.o

.debug_line     0x0000000000000000     0xac28
 .debug_line    0x0000000000000000      0x73a ./Core/Src/button.o
 .debug_line    0x000000000000073a      0x844 ./Core/Src/display.o
 .debug_line    0x0000000000000f7e      0x9aa ./Core/Src/fsm_traffic_light.o
 .debug_line    0x0000000000001928       0x4d ./Core/Src/global.o
 .debug_line    0x0000000000001975      0x7d9 ./Core/Src/main.o
 .debug_line    0x000000000000214e       0xd1 ./Core/Src/software_timer.o
 .debug_line    0x000000000000221f      0x695 ./Core/Src/stm32f1xx_hal_msp.o
 .debug_line    0x00000000000028b4      0x733 ./Core/Src/stm32f1xx_it.o
 .debug_line    0x0000000000002fe7      0x6d7 ./Core/Src/system_stm32f1xx.o
 .debug_line    0x00000000000036be       0x87 ./Core/Startup/startup_stm32f103c6tx.o
 .debug_line    0x0000000000003745      0x904 ./Drivers/STM32F1xx_HAL_Driver/Src/stm32f1xx_hal.o
 .debug_line    0x0000000000004049      0xaec ./Drivers/STM32F1xx_HAL_Driver/Src/stm32f1xx_hal_cortex.o
 .debug_line    0x0000000000004b35      0x985 ./Drivers/STM32F1xx_HAL_Driver/Src/stm32f1xx_hal_gpio.o
 .debug_line    0x00000000000054ba      0xd12 ./Drivers/STM32F1xx_HAL_Driver/Src/stm32f1xx_hal_rcc.o
 .debug_line    0x00000000000061cc     0x3262 ./Drivers/STM32F1xx_HAL_Driver/Src/stm32f1xx_hal_tim.o
 .debug_line    0x000000000000942e     0x17fa ./Drivers/STM32F1xx_HAL_Driver/Src/stm32f1xx_hal_tim_ex.o

.debug_str      0x0000000000000000    0x82143
 .debug_str     0x0000000000000000    0x7f55c ./Core/Src/button.o
                                      0x7f899 (size before relaxing)
 .debug_str     0x000000000007f55c      0x1bd ./Core/Src/display.o
                                      0x7f963 (size before relaxing)
 .debug_str     0x000000000007f719       0x4c ./Core/Src/fsm_traffic_light.o
                                      0x7f971 (size before relaxing)
 .debug_str     0x000000000007f765       0x50 ./Core/Src/global.o
                                       0x2e59 (size before relaxing)
 .debug_str     0x000000000007f7b5      0x6fb ./Core/Src/main.o
                                      0x80109 (size before relaxing)
 .debug_str     0x000000000007feb0       0x51 ./Core/Src/software_timer.o
                                       0x2dda (size before relaxing)
 .debug_str     0x000000000007ff01      0x2ba ./Core/Src/stm32f1xx_hal_msp.o
                                      0x7ffaa (size before relaxing)
 .debug_str     0x00000000000801bb       0xcd ./Core/Src/stm32f1xx_it.o
                                      0x7fd0c (size before relaxing)
 .debug_str     0x0000000000080288       0x52 ./Core/Src/system_stm32f1xx.o
                                      0x7f506 (size before relaxing)
 .debug_str     0x00000000000802da       0x36 ./Core/Startup/startup_stm32f103c6tx.o
                                         0x71 (size before relaxing)
 .debug_str     0x0000000000080310      0x304 ./Drivers/STM32F1xx_HAL_Driver/Src/stm32f1xx_hal.o
                                      0x7fb5d (size before relaxing)
 .debug_str     0x0000000000080614      0x300 ./Drivers/STM32F1xx_HAL_Driver/Src/stm32f1xx_hal_cortex.o
                                      0x7fb65 (size before relaxing)
 .debug_str     0x0000000000080914      0x324 ./Drivers/STM32F1xx_HAL_Driver/Src/stm32f1xx_hal_gpio.o
                                      0x7f8ca (size before relaxing)
 .debug_str     0x0000000000080c38      0x24f ./Drivers/STM32F1xx_HAL_Driver/Src/stm32f1xx_hal_rcc.o
                                      0x7f903 (size before relaxing)
 .debug_str     0x0000000000080e87      0xdce ./Drivers/STM32F1xx_HAL_Driver/Src/stm32f1xx_hal_tim.o
                                      0x808d5 (size before relaxing)
 .debug_str     0x0000000000081c55      0x4ee ./Drivers/STM32F1xx_HAL_Driver/Src/stm32f1xx_hal_tim_ex.o
                                      0x80086 (size before relaxing)

.comment        0x0000000000000000       0x53
 .comment       0x0000000000000000       0x53 ./Core/Src/button.o
                                         0x54 (size before relaxing)
 .comment       0x0000000000000053       0x54 ./Core/Src/display.o
 .comment       0x0000000000000053       0x54 ./Core/Src/fsm_traffic_light.o
 .comment       0x0000000000000053       0x54 ./Core/Src/global.o
 .comment       0x0000000000000053       0x54 ./Core/Src/main.o
 .comment       0x0000000000000053       0x54 ./Core/Src/software_timer.o
 .comment       0x0000000000000053       0x54 ./Core/Src/stm32f1xx_hal_msp.o
 .comment       0x0000000000000053       0x54 ./Core/Src/stm32f1xx_it.o
 .comment       0x0000000000000053       0x54 ./Core/Src/system_stm32f1xx.o
 .comment       0x0000000000000053       0x54 ./Drivers/STM32F1xx_HAL_Driver/Src/stm32f1xx_hal.o
 .comment       0x0000000000000053       0x54 ./Drivers/STM32F1xx_HAL_Driver/Src/stm32f1xx_hal_cortex.o
 .comment       0x0000000000000053       0x54 ./Drivers/STM32F1xx_HAL_Driver/Src/stm32f1xx_hal_gpio.o
 .comment       0x0000000000000053       0x54 ./Drivers/STM32F1xx_HAL_Driver/Src/stm32f1xx_hal_rcc.o
 .comment       0x0000000000000053       0x54 ./Drivers/STM32F1xx_HAL_Driver/Src/stm32f1xx_hal_tim.o
 .comment       0x0000000000000053       0x54 ./Drivers/STM32F1xx_HAL_Driver/Src/stm32f1xx_hal_tim_ex.o

.debug_frame    0x0000000000000000     0x28dc
 .debug_frame   0x0000000000000000       0x5c ./Core/Src/button.o
 .debug_frame   0x000000000000005c       0xdc ./Core/Src/display.o
 .debug_frame   0x0000000000000138       0x2c ./Core/Src/fsm_traffic_light.o
 .debug_frame   0x0000000000000164       0xd8 ./Core/Src/main.o
 .debug_frame   0x000000000000023c       0x88 ./Core/Src/software_timer.o
 .debug_frame   0x00000000000002c4       0x80 ./Core/Src/stm32f1xx_hal_msp.o
 .debug_frame   0x0000000000000344      0x120 ./Core/Src/stm32f1xx_it.o
 .debug_frame   0x0000000000000464       0x58 ./Core/Src/system_stm32f1xx.o
 .debug_frame   0x00000000000004bc      0x334 ./Drivers/STM32F1xx_HAL_Driver/Src/stm32f1xx_hal.o
 .debug_frame   0x00000000000007f0      0x428 ./Drivers/STM32F1xx_HAL_Driver/Src/stm32f1xx_hal_cortex.o
 .debug_frame   0x0000000000000c18      0x14c ./Drivers/STM32F1xx_HAL_Driver/Src/stm32f1xx_hal_gpio.o
 .debug_frame   0x0000000000000d64      0x21c ./Drivers/STM32F1xx_HAL_Driver/Src/stm32f1xx_hal_rcc.o
 .debug_frame   0x0000000000000f80     0x11b8 ./Drivers/STM32F1xx_HAL_Driver/Src/stm32f1xx_hal_tim.o
 .debug_frame   0x0000000000002138      0x638 ./Drivers/STM32F1xx_HAL_Driver/Src/stm32f1xx_hal_tim_ex.o
 .debug_frame   0x0000000000002770       0x2c d:/stm32cubeide_1.7.0/stm32cubeide/plugins/com.st.stm32cube.ide.mcu.externaltools.gnu-tools-for-stm32.9-2020-q2-update.win32_2.0.0.202105311346/tools/bin/../lib/gcc/arm-none-eabi/9.3.1/../../../../arm-none-eabi/lib/thumb/v7-m/nofp\libc_nano.a(lib_a-init.o)
 .debug_frame   0x000000000000279c       0x20 d:/stm32cubeide_1.7.0/stm32cubeide/plugins/com.st.stm32cube.ide.mcu.externaltools.gnu-tools-for-stm32.9-2020-q2-update.win32_2.0.0.202105311346/tools/bin/../lib/gcc/arm-none-eabi/9.3.1/../../../../arm-none-eabi/lib/thumb/v7-m/nofp\libc_nano.a(lib_a-memset.o)
 .debug_frame   0x00000000000027bc       0xac d:/stm32cubeide_1.7.0/stm32cubeide/plugins/com.st.stm32cube.ide.mcu.externaltools.gnu-tools-for-stm32.9-2020-q2-update.win32_2.0.0.202105311346/tools/bin/../lib/gcc/arm-none-eabi/9.3.1/thumb/v7-m/nofp\libgcc.a(_arm_addsubdf3.o)
 .debug_frame   0x0000000000002868       0x50 d:/stm32cubeide_1.7.0/stm32cubeide/plugins/com.st.stm32cube.ide.mcu.externaltools.gnu-tools-for-stm32.9-2020-q2-update.win32_2.0.0.202105311346/tools/bin/../lib/gcc/arm-none-eabi/9.3.1/thumb/v7-m/nofp\libgcc.a(_arm_muldivdf3.o)
 .debug_frame   0x00000000000028b8       0x24 d:/stm32cubeide_1.7.0/stm32cubeide/plugins/com.st.stm32cube.ide.mcu.externaltools.gnu-tools-for-stm32.9-2020-q2-update.win32_2.0.0.202105311346/tools/bin/../lib/gcc/arm-none-eabi/9.3.1/thumb/v7-m/nofp\libgcc.a(_arm_fixdfsi.o)
